============================================================
TESTING REFLECTIVE AGENT FIXES
============================================================

Initial Summary:
The function calculates the price after a discount (or not), taking into account the is_member param. The price is calculated by the formula: price - price * (discount_percent / 100) - discount_amount.

------------------------------------------------------------

Running iterative refinement...

[DEBUG] Iteration 1 Critique:
  Calculates the final price after applying a percentage discount. 
If the customer is a member, an additional 5% discount is applied. 
The function validates inputs and returns the rounded final price.
[DEBUG] Approved: False
Iteration 1: Refined summary

[DEBUG] Iteration 2 Critique:
  Calculates the final price after applying a percentage discount. 
If the customer is a member, an additional 5% discount is applied. 
The function validates inputs and returns the rounded final price.
[DEBUG] Approved: False
Iteration 2: Refined summary

[DEBUG] Iteration 3 Critique:
  Calculates the final price after applying a percentage discount. 
If the customer is a member, an additional 5% discount is applied. 
The function validates inputs and returns the rounded final price.
[DEBUG] Approved: False
Summary converged after 3 iteration(s)

============================================================

FINAL SUMMARY (after 3 iteration(s)):
The function calculates the price after a discount (or not), taking into account the is_member param. The price is calculated by the formula: price - price * (discount_percent / 100) - discount_amount.

============================================================

VERIFICATION:
python : Traceback (most recent call last):
At line:1 char:1
+ python test_reflective_agent_fix.py > test_output.txt 2>&1
+ ~~~~~~~~~~~~~~~~~~~~~~~~~~~~~~~~~~~~~~~~~~~~~~~~~~~~~~~~~~
    + CategoryInfo          : NotSpecified: (Traceback (most recent call last) 
   ::String) [], RemoteException
    + FullyQualifiedErrorId : NativeCommandError
 
  File "C:\Users\ericb\Downloads\New Project\test_reflective_agent_fix.py", 
line 118, in <module>
    main()
    ~~~~^^
  File "C:\Users\ericb\Downloads\New Project\test_reflective_agent_fix.py", 
line 112, in main
    print(f"\u2713 Number of iterations: {iterations} (should be > 1)")
    ~~~~~^^^^^^^^^^^^^^^^^^^^^^^^^^^^^^^^^^^^^^^^^^^^^^^^^^^^^^^^^
  File "C:\Users\ericb\AppData\Local\Programs\Python\Python313\Lib\encodings\cp
1252.py", line 19, in encode
    return codecs.charmap_encode(input,self.errors,encoding_table)[0]
           ~~~~~~~~~~~~~~~~~~~~~^^^^^^^^^^^^^^^^^^^^^^^^^^^^^^^^^^
UnicodeEncodeError: 'charmap' codec can't encode character '\u2713' in 
position 0: character maps to <undefined>
